// Jest Snapshot v1, https://goo.gl/fbAQLP

exports[`stock app should check snapshot 1`] = `ShallowWrapper {}`;
